<?xml version="1.0" encoding="utf-8"?><testsuites name="pytest tests"><testsuite name="pytest" errors="0" failures="0" skipped="0" tests="9" time="124.454" timestamp="2026-03-13T13:26:25.271327+05:30" hostname="LAPTOP-FA0716SP"><testcase classname="tests.test_auth" name="test_invalid_login_matrix[-]" time="44.649" /><testcase classname="tests.test_auth" name="test_invalid_login_matrix[wrong@test.com-123]" time="44.516" /><testcase classname="tests.test_access_control" name="test_admin_users_page" time="44.505" /><testcase classname="tests.test_browser_interactions" name="test_page_title" time="38.467" /><testcase classname="tests.test_auth" name="test_valid_login" time="41.104" /><testcase classname="tests.test_auth" name="test_invalid_login_matrix[invalidemail-password123]" time="38.427" /><testcase classname="tests.test_projects_tasks" name="test_project_page" time="38.808" /><testcase classname="tests.test_dashboard" name="test_dashboard_redirect" time="31.518" /><testcase classname="tests.test_browser_interactions" name="test_refresh" time="16.182" /></testsuite></testsuites>